Connecting to server at http://127.0.0.1:8080...
Connected!

Server status: healthy
Authenticated as: admin
Current knowledge graph: default

> .kg create test_mutual_bound_n09t28
Knowledge graph 'test_mutual_bound_n09t28' created.
Switched to knowledge graph: test_mutual_bound_n09t28
> .kg use test_mutual_bound_n09t28
Switched to knowledge graph: test_mutual_bound_n09t28
> +succ[(0, 1), (1, 2), (2, 3), (3, 4), (4, 5), (5, 6)]
Inserted 6 fact(s) into 'succ'.
> +zero[(0)]
Inserted 1 fact(s) into 'zero'.
> +number[(0), (1), (2), (3), (4), (5), (6)]
Inserted 7 fact(s) into 'number'.
> +is_even(N) <- zero(N)
Rule 'is_even' registered.
> +is_even(N) <- succ(M, N), is_odd(M)
Rule 'is_even' registered.
> +is_odd(N) <- succ(M, N), is_even(M)
Rule 'is_odd' registered.
> +not_even(N) <- number(N), !is_even(N)
Rule 'not_even' registered.
> ?is_even(X)
┌───┐
│ X │
├───┤
│ 0 │
│ 2 │
│ 4 │
│ 6 │
└───┘
4 rows
> ?is_odd(X)
┌───┐
│ X │
├───┤
│ 1 │
│ 3 │
│ 5 │
└───┘
3 rows
> ?is_even(4)
┌───┐
│ 4 │
├───┤
│ 4 │
└───┘
1 rows
> ?is_odd(4)
No results.
> ?not_even(X)
┌───┐
│ X │
├───┤
│ 1 │
│ 3 │
│ 5 │
└───┘
3 rows
> big_odd(N) <- is_odd(N), N > 2
┌───┐
│ X │
├───┤
│ 3 │
│ 5 │
└───┘
2 rows
(session: 1 rule(s))
> ?big_odd(X)
┌───┐
│ X │
├───┤
│ 3 │
│ 5 │
└───┘
2 rows
> -succ(3, 4)
Deleted 1 facts from 'succ'.
> ?is_even(X)
┌───┐
│ X │
├───┤
│ 0 │
│ 2 │
└───┘
2 rows
> ?is_odd(X)
┌───┐
│ X │
├───┤
│ 1 │
│ 3 │
└───┘
2 rows
> ?not_even(X)
┌───┐
│ X │
├───┤
│ 1 │
│ 3 │
│ 4 │
│ 5 │
│ 6 │
└───┘
5 rows
> .kg use default
Switched to knowledge graph: default
(Cleared 1 session rule(s), 0 session fact(s))
> .kg drop test_mutual_bound_n09t28
Knowledge graph 'test_mutual_bound_n09t28' dropped.
