Connecting to server at http://127.0.0.1:8080...
Connected!

Server status: healthy
Authenticated as: admin
Current knowledge graph: default

> .kg create test_unbound_cmp_n12t39
Knowledge graph 'test_unbound_cmp_n12t39' created.
Switched to knowledge graph: test_unbound_cmp_n12t39
> .kg use test_unbound_cmp_n12t39
Switched to knowledge graph: test_unbound_cmp_n12t39
> +data[(1, 10), (2, 20)]
Inserted 2 fact(s) into 'data'.
> bad(X) <- data(X, _), Y > 5
Unsafe comparison in rule 'bad': Variable(s) Y not bound by any positive body atom. Bind them in a body atom (e.g. replace a wildcard with the variable) before comparing.
> ?bad(X)
No results.
> .kg use default
Switched to knowledge graph: default
> .kg drop test_unbound_cmp_n12t39
Knowledge graph 'test_unbound_cmp_n12t39' dropped.
